###############################################################################
#
# IAR ELF Linker V7.40.7.9843/W32 for ARM                 21/Dec/2017  16:06:05
# Copyright 2007-2015 IAR Systems AB.
#
#    Output file  =  
#        D:\My
#        Work\医疗挂板\WIFI程序\WiFi连接服务器数据传输\WiFi\Debug\Exe\led.out
#    Map file     =  
#        D:\My
#        Work\医疗挂板\WIFI程序\WiFi连接服务器数据传输\WiFi\Debug\List\led.map
#    Command line =  
#        "D:\My
#        Work\医疗挂板\WIFI程序\WiFi连接服务器数据传输\WiFi\Debug\Obj\24cxx.o"
#        "D:\My
#        Work\医疗挂板\WIFI程序\WiFi连接服务器数据传输\WiFi\Debug\Obj\check.o"
#        "D:\My
#        Work\医疗挂板\WIFI程序\WiFi连接服务器数据传输\WiFi\Debug\Obj\cmd.o"
#        "D:\My
#        Work\医疗挂板\WIFI程序\WiFi连接服务器数据传输\WiFi\Debug\Obj\core_cm3.o"
#        "D:\My
#        Work\医疗挂板\WIFI程序\WiFi连接服务器数据传输\WiFi\Debug\Obj\delay.o"
#        "D:\My
#        Work\医疗挂板\WIFI程序\WiFi连接服务器数据传输\WiFi\Debug\Obj\ESP8266.o"
#        "D:\My
#        Work\医疗挂板\WIFI程序\WiFi连接服务器数据传输\WiFi\Debug\Obj\handle.o"
#        "D:\My
#        Work\医疗挂板\WIFI程序\WiFi连接服务器数据传输\WiFi\Debug\Obj\IIC.o"
#        "D:\My
#        Work\医疗挂板\WIFI程序\WiFi连接服务器数据传输\WiFi\Debug\Obj\key.o"
#        "D:\My
#        Work\医疗挂板\WIFI程序\WiFi连接服务器数据传输\WiFi\Debug\Obj\led.o"
#        "D:\My
#        Work\医疗挂板\WIFI程序\WiFi连接服务器数据传输\WiFi\Debug\Obj\main.o"
#        "D:\My
#        Work\医疗挂板\WIFI程序\WiFi连接服务器数据传输\WiFi\Debug\Obj\misc.o"
#        "D:\My
#        Work\医疗挂板\WIFI程序\WiFi连接服务器数据传输\WiFi\Debug\Obj\startup_stm32f10x_hd.o"
#        "D:\My
#        Work\医疗挂板\WIFI程序\WiFi连接服务器数据传输\WiFi\Debug\Obj\stm32f10x_gpio.o"
#        "D:\My
#        Work\医疗挂板\WIFI程序\WiFi连接服务器数据传输\WiFi\Debug\Obj\stm32f10x_it.o"
#        "D:\My
#        Work\医疗挂板\WIFI程序\WiFi连接服务器数据传输\WiFi\Debug\Obj\stm32f10x_rcc.o"
#        "D:\My
#        Work\医疗挂板\WIFI程序\WiFi连接服务器数据传输\WiFi\Debug\Obj\stm32f10x_tim.o"
#        "D:\My
#        Work\医疗挂板\WIFI程序\WiFi连接服务器数据传输\WiFi\Debug\Obj\stm32f10x_usart.o"
#        "D:\My
#        Work\医疗挂板\WIFI程序\WiFi连接服务器数据传输\WiFi\Debug\Obj\system_stm32f10x.o"
#        "D:\My
#        Work\医疗挂板\WIFI程序\WiFi连接服务器数据传输\WiFi\Debug\Obj\tim.o"
#        "D:\My
#        Work\医疗挂板\WIFI程序\WiFi连接服务器数据传输\WiFi\Debug\Obj\usart.o"
#        --redirect _Printf=_PrintfFull --redirect _Scanf=_ScanfFull -o "D:\My
#        Work\医疗挂板\WIFI程序\WiFi连接服务器数据传输\WiFi\Debug\Exe\led.out"
#        --map "D:\My
#        Work\医疗挂板\WIFI程序\WiFi连接服务器数据传输\WiFi\Debug\List\led.map"
#        --config E:\iar7.4\arm\config\linker\ST\stm32f103xC.icf --semihosting
#        --entry __iar_program_start --vfe
#
###############################################################################

*******************************************************************************
*** RUNTIME MODEL ATTRIBUTES
***

CppFlavor       = *
__SystemLibrary = DLib


*******************************************************************************
*** PLACEMENT SUMMARY
***

"A1":  place at 0x08000000 { ro section .intvec };
"P1":  place in [from 0x08000000 to 0x0803ffff] { ro };
"P2":  place in [from 0x20000000 to 0x2000bfff] { rw, block CSTACK, block HEAP };

  Section            Kind        Address    Size  Object
  -------            ----        -------    ----  ------
"A1":                                      0x130
  .intvec            ro code  0x08000000   0x130  startup_stm32f10x_hd.o [1]
                            - 0x08000130   0x130

"P1":                                     0x3500
  .text              ro code  0x08000130  0x1114  ESP8266.o [1]
  .text              ro code  0x08001244    0x76  ABImemcpy_unaligned.o [4]
  .text              ro code  0x080012ba    0x1c  strcat.o [3]
  .text              ro code  0x080012d8    0x62  memcmp_unaligned.o [4]
  .text              ro code  0x0800133c    0x66  ABImemset.o [4]
  .text              ro code  0x080013a4    0x36  strlen.o [4]
  .text              ro code  0x080013dc   0x510  usart.o [1]
  .text              ro code  0x080018ec    0x44  check.o [1]
  .text              ro code  0x08001930   0x102  24cxx.o [1]
  .text              ro code  0x08001a34     0x6  ABImemclr4.o [4]
  .text              ro code  0x08001a3c   0x118  stm32f10x_rcc.o [1]
  .text              ro code  0x08001b54    0xe2  stm32f10x_gpio.o [1]
  .text              ro code  0x08001c38   0x164  stm32f10x_usart.o [1]
  .text              ro code  0x08001d9c    0xa0  misc.o [1]
  .text              ro code  0x08001e3c    0xa0  delay.o [1]
  .text              ro code  0x08001edc   0x214  IIC.o [1]
  .text              ro code  0x080020f0    0x32  ABImemset48.o [4]
  .text              ro code  0x08002124   0x6d4  handle.o [1]
  .text              ro code  0x080027f8   0x22c  tim.o [1]
  .text              ro code  0x08002a24    0x64  led.o [1]
  .text              ro code  0x08002a88   0x158  system_stm32f10x.o [1]
  .text              ro code  0x08002be0   0x29c  key.o [1]
  .text              ro code  0x08002e7c   0x214  cmd.o [1]
  .text              ro code  0x08003090   0x120  stm32f10x_tim.o [1]
  .text              ro code  0x080031b0    0x40  zero_init3.o [4]
  .text              ro code  0x080031f0    0x2c  copy_init3.o [4]
  .text              ro code  0x0800321c    0x28  data_init.o [4]
  .iar.init_table    const    0x08003244    0x24  - Linker created -
  .text              ro code  0x08003268    0x1a  cmain.o [4]
  .text              ro code  0x08003282     0x4  low_level_init.o [3]
  .text              ro code  0x08003286    0x14  main.o [1]
  .text              ro code  0x0800329a     0x4  exit.o [3]
  .text              ro code  0x080032a0     0xa  cexit.o [4]
  .text              ro code  0x080032ac    0x14  exit.o [5]
  .rodata            const    0x080032c0    0x10  ESP8266.o [1]
  .text              ro code  0x080032d0    0x10  startup_stm32f10x_hd.o [1]
  .text              ro code  0x080032e0    0x10  stm32f10x_it.o [1]
  .rodata            const    0x080032f0     0xc  ESP8266.o [1]
  .rodata            const    0x080032fc     0xc  ESP8266.o [1]
  .text              ro code  0x08003308     0xc  cstartup_M.o [4]
  .rodata            const    0x08003314     0x8  ESP8266.o [1]
  .rodata            const    0x0800331c     0x8  ESP8266.o [1]
  .rodata            const    0x08003324     0x8  ESP8266.o [1]
  .rodata            const    0x0800332c     0x8  ESP8266.o [1]
  .rodata            const    0x08003334     0x4  ESP8266.o [1]
  .rodata            const    0x08003338     0x4  ESP8266.o [1]
  .rodata            const    0x0800333c     0x4  ESP8266.o [1]
  .rodata            const    0x08003340     0x4  ESP8266.o [1]
  .rodata            const    0x08003344     0x4  ESP8266.o [1]
  .text              ro code  0x08003348     0x4  startup_stm32f10x_hd.o [1]
  .text              ro code  0x0800334c     0x4  startup_stm32f10x_hd.o [1]
  .text              ro code  0x08003350     0x4  startup_stm32f10x_hd.o [1]
  .text              ro code  0x08003354     0x4  startup_stm32f10x_hd.o [1]
  .text              ro code  0x08003358     0x4  startup_stm32f10x_hd.o [1]
  .text              ro code  0x0800335c     0x4  startup_stm32f10x_hd.o [1]
  .text              ro code  0x08003360     0x4  startup_stm32f10x_hd.o [1]
  .text              ro code  0x08003364     0x4  startup_stm32f10x_hd.o [1]
  .text              ro code  0x08003368     0x4  startup_stm32f10x_hd.o [1]
  .text              ro code  0x0800336c     0x4  startup_stm32f10x_hd.o [1]
  .text              ro code  0x08003370     0x4  startup_stm32f10x_hd.o [1]
  .text              ro code  0x08003374     0x4  startup_stm32f10x_hd.o [1]
  .text              ro code  0x08003378     0x4  startup_stm32f10x_hd.o [1]
  .text              ro code  0x0800337c     0x4  startup_stm32f10x_hd.o [1]
  .text              ro code  0x08003380     0x4  startup_stm32f10x_hd.o [1]
  .text              ro code  0x08003384     0x4  startup_stm32f10x_hd.o [1]
  .text              ro code  0x08003388     0x4  startup_stm32f10x_hd.o [1]
  .text              ro code  0x0800338c     0x4  startup_stm32f10x_hd.o [1]
  .text              ro code  0x08003390     0x4  startup_stm32f10x_hd.o [1]
  .text              ro code  0x08003394     0x4  startup_stm32f10x_hd.o [1]
  .text              ro code  0x08003398     0x4  startup_stm32f10x_hd.o [1]
  .text              ro code  0x0800339c     0x4  startup_stm32f10x_hd.o [1]
  .text              ro code  0x080033a0     0x4  startup_stm32f10x_hd.o [1]
  .text              ro code  0x080033a4     0x4  startup_stm32f10x_hd.o [1]
  .text              ro code  0x080033a8     0x4  startup_stm32f10x_hd.o [1]
  .text              ro code  0x080033ac     0x4  startup_stm32f10x_hd.o [1]
  .text              ro code  0x080033b0     0x4  startup_stm32f10x_hd.o [1]
  .text              ro code  0x080033b4     0x4  startup_stm32f10x_hd.o [1]
  .text              ro code  0x080033b8     0x4  startup_stm32f10x_hd.o [1]
  .text              ro code  0x080033bc     0x4  startup_stm32f10x_hd.o [1]
  .text              ro code  0x080033c0     0x4  startup_stm32f10x_hd.o [1]
  .text              ro code  0x080033c4     0x4  startup_stm32f10x_hd.o [1]
  .text              ro code  0x080033c8     0x4  startup_stm32f10x_hd.o [1]
  .text              ro code  0x080033cc     0x4  startup_stm32f10x_hd.o [1]
  .text              ro code  0x080033d0     0x4  startup_stm32f10x_hd.o [1]
  .text              ro code  0x080033d4     0x4  startup_stm32f10x_hd.o [1]
  .text              ro code  0x080033d8     0x4  startup_stm32f10x_hd.o [1]
  .text              ro code  0x080033dc     0x4  startup_stm32f10x_hd.o [1]
  .text              ro code  0x080033e0     0x4  startup_stm32f10x_hd.o [1]
  .text              ro code  0x080033e4     0x4  startup_stm32f10x_hd.o [1]
  .text              ro code  0x080033e8     0x4  startup_stm32f10x_hd.o [1]
  .text              ro code  0x080033ec     0x4  startup_stm32f10x_hd.o [1]
  .text              ro code  0x080033f0     0x4  startup_stm32f10x_hd.o [1]
  .text              ro code  0x080033f4     0x4  startup_stm32f10x_hd.o [1]
  .text              ro code  0x080033f8     0x4  startup_stm32f10x_hd.o [1]
  .text              ro code  0x080033fc     0x4  startup_stm32f10x_hd.o [1]
  .text              ro code  0x08003400     0x4  startup_stm32f10x_hd.o [1]
  .text              ro code  0x08003404     0x4  startup_stm32f10x_hd.o [1]
  .text              ro code  0x08003408     0x4  startup_stm32f10x_hd.o [1]
  .text              ro code  0x0800340c     0x4  startup_stm32f10x_hd.o [1]
  .text              ro code  0x08003410     0x4  startup_stm32f10x_hd.o [1]
  .text              ro code  0x08003414     0x4  startup_stm32f10x_hd.o [1]
  .text              ro code  0x08003418     0x4  startup_stm32f10x_hd.o [1]
  .text              ro code  0x0800341c     0x4  startup_stm32f10x_hd.o [1]
  .text              ro code  0x08003420     0x4  startup_stm32f10x_hd.o [1]
  .text              ro code  0x08003424     0x4  startup_stm32f10x_hd.o [1]
  .text              ro code  0x08003428     0x4  startup_stm32f10x_hd.o [1]
  .text              ro code  0x0800342c     0x4  startup_stm32f10x_hd.o [1]
  .text              ro code  0x08003430     0x4  startup_stm32f10x_hd.o [1]
  .text              ro code  0x08003434     0x4  startup_stm32f10x_hd.o [1]
  .text              ro code  0x08003438     0x4  startup_stm32f10x_hd.o [1]
  .text              ro code  0x0800343c     0x4  startup_stm32f10x_hd.o [1]
  .text              ro code  0x08003440     0x4  startup_stm32f10x_hd.o [1]
  .text              ro code  0x08003444     0x4  startup_stm32f10x_hd.o [1]
  .text              ro code  0x08003448     0x4  startup_stm32f10x_hd.o [1]
  .text              ro code  0x0800344c     0x4  startup_stm32f10x_hd.o [1]
  .text              ro code  0x08003450     0x4  startup_stm32f10x_hd.o [1]
  .text              ro code  0x08003454     0x4  startup_stm32f10x_hd.o [1]
  .text              ro code  0x08003458     0x4  startup_stm32f10x_hd.o [1]
  .rodata            const    0x0800345c     0x0  zero_init3.o [4]
  .rodata            const    0x0800345c     0x0  copy_init3.o [4]
  Initializer bytes  const    0x0800345c   0x1d4  <for P2 s0>
                            - 0x08003630  0x3500

"P2":                                     0x1c40
  P2 s0                       0x20000000   0x1d4  <Init block>
    .data            inited   0x20000000    0x34  ESP8266.o [1]
    .data            inited   0x20000034    0x34  ESP8266.o [1]
    .data            inited   0x20000068    0x1c  ESP8266.o [1]
    .data            inited   0x20000084    0x14  ESP8266.o [1]
    .data            inited   0x20000098    0x14  ESP8266.o [1]
    .data            inited   0x200000ac    0x10  ESP8266.o [1]
    .data            inited   0x200000bc    0x10  ESP8266.o [1]
    .data            inited   0x200000cc    0x10  ESP8266.o [1]
    .data            inited   0x200000dc    0x10  handle.o [1]
    .data            inited   0x200000ec    0x10  handle.o [1]
    .data            inited   0x200000fc    0x10  handle.o [1]
    .data            inited   0x2000010c    0x10  stm32f10x_rcc.o [1]
    .data            inited   0x2000011c     0xc  ESP8266.o [1]
    .data            inited   0x20000128     0xc  handle.o [1]
    .data            inited   0x20000134     0x8  ESP8266.o [1]
    .data            inited   0x2000013c     0x8  ESP8266.o [1]
    .data            inited   0x20000144     0x8  ESP8266.o [1]
    .data            inited   0x2000014c     0x8  handle.o [1]
    .data            inited   0x20000154     0x8  handle.o [1]
    .data            inited   0x2000015c     0x8  handle.o [1]
    .data            inited   0x20000164     0x8  handle.o [1]
    .data            inited   0x2000016c     0x8  handle.o [1]
    .data            inited   0x20000174     0x8  handle.o [1]
    .data            inited   0x2000017c     0x8  handle.o [1]
    .data            inited   0x20000184     0x8  handle.o [1]
    .data            inited   0x2000018c     0x8  handle.o [1]
    .data            inited   0x20000194     0x8  handle.o [1]
    .data            inited   0x2000019c     0x8  handle.o [1]
    .data            inited   0x200001a4     0x8  handle.o [1]
    .data            inited   0x200001ac     0x8  handle.o [1]
    .data            inited   0x200001b4     0x8  handle.o [1]
    .data            inited   0x200001bc     0x8  handle.o [1]
    .data            inited   0x200001c4     0x8  handle.o [1]
    .data            inited   0x200001cc     0x4  stm32f10x_rcc.o [1]
    .data            inited   0x200001d0     0x1  handle.o [1]
  .bss               zero     0x200001d4   0x618  usart.o [1]
  .bss               zero     0x200007ec   0x114  ESP8266.o [1]
  .bss               zero     0x20000900   0x104  ESP8266.o [1]
  .bss               zero     0x20000a04   0x100  ESP8266.o [1]
  .bss               zero     0x20000b04    0x70  ESP8266.o [1]
  .bss               zero     0x20000b74    0x10  cmd.o [1]
  .bss               zero     0x20000b84    0x10  cmd.o [1]
  .bss               zero     0x20000b94    0x10  handle.o [1]
  .bss               zero     0x20000ba4    0x10  handle.o [1]
  .bss               zero     0x20000bb4    0x10  handle.o [1]
  .bss               zero     0x20000bc4    0x10  handle.o [1]
  .bss               zero     0x20000bd4     0xc  handle.o [1]
  .bss               zero     0x20000be0     0x8  ESP8266.o [1]
  .bss               zero     0x20000be8     0x8  ESP8266.o [1]
  .bss               zero     0x20000bf0     0x8  handle.o [1]
  .bss               zero     0x20000bf8     0x8  handle.o [1]
  .bss               zero     0x20000c00     0x8  handle.o [1]
  .bss               zero     0x20000c08     0x2  delay.o [1]
  .bss               zero     0x20000c0a     0x2  ESP8266.o [1]
  .bss               zero     0x20000c0c     0x1  delay.o [1]
  .bss               zero     0x20000c0d     0x1  ESP8266.o [1]
  .bss               zero     0x20000c0e     0x1  ESP8266.o [1]
  .bss               zero     0x20000c0f     0x1  ESP8266.o [1]
  .bss               zero     0x20000c10     0x1  ESP8266.o [1]
  .bss               zero     0x20000c11     0x1  ESP8266.o [1]
  .bss               zero     0x20000c12     0x1  ESP8266.o [1]
  .bss               zero     0x20000c13     0x1  ESP8266.o [1]
  .bss               zero     0x20000c14     0x1  ESP8266.o [1]
  .bss               zero     0x20000c15     0x1  ESP8266.o [1]
  .bss               zero     0x20000c16     0x1  ESP8266.o [1]
  .bss               zero     0x20000c17     0x1  ESP8266.o [1]
  .bss               zero     0x20000c18     0x1  ESP8266.o [1]
  .bss               zero     0x20000c19     0x1  ESP8266.o [1]
  .bss               zero     0x20000c1a     0x1  ESP8266.o [1]
  .bss               zero     0x20000c1b     0x1  ESP8266.o [1]
  .bss               zero     0x20000c1c     0x1  ESP8266.o [1]
  .bss               zero     0x20000c1d     0x1  ESP8266.o [1]
  .bss               zero     0x20000c1e     0x1  handle.o [1]
  .bss               zero     0x20000c1f     0x1  handle.o [1]
  .bss               zero     0x20000c20     0x1  handle.o [1]
  .bss               zero     0x20000c21     0x1  handle.o [1]
  .bss               zero     0x20000c22     0x1  handle.o [1]
  .bss               zero     0x20000c23     0x1  handle.o [1]
  .bss               zero     0x20000c24     0x1  handle.o [1]
  .bss               zero     0x20000c25     0x1  handle.o [1]
  .bss               zero     0x20000c26     0x1  handle.o [1]
  .bss               zero     0x20000c27     0x1  handle.o [1]
  .bss               zero     0x20000c28     0x1  handle.o [1]
  .bss               zero     0x20000c29     0x1  handle.o [1]
  .bss               zero     0x20000c2a     0x1  handle.o [1]
  .bss               zero     0x20000c2b     0x1  handle.o [1]
  .bss               zero     0x20000c2c     0x1  handle.o [1]
  .bss               zero     0x20000c2d     0x1  handle.o [1]
  .bss               zero     0x20000c2e     0x1  handle.o [1]
  .bss               zero     0x20000c2f     0x1  handle.o [1]
  .bss               zero     0x20000c30     0x1  handle.o [1]
  .bss               zero     0x20000c31     0x1  handle.o [1]
  .bss               zero     0x20000c32     0x1  handle.o [1]
  .bss               zero     0x20000c33     0x1  handle.o [1]
  .bss               zero     0x20000c34     0x1  handle.o [1]
  .bss               zero     0x20000c35     0x1  handle.o [1]
  .bss               zero     0x20000c36     0x1  handle.o [1]
  .bss               zero     0x20000c37     0x1  handle.o [1]
  .bss               zero     0x20000c38     0x1  handle.o [1]
  .bss               zero     0x20000c39     0x1  tim.o [1]
  .bss               zero     0x20000c3a     0x1  tim.o [1]
  .bss               zero     0x20000c3b     0x1  tim.o [1]
  .bss               zero     0x20000c3c     0x1  tim.o [1]
  CSTACK                      0x20000c40  0x1000  <Block>
    CSTACK           uninit   0x20000c40  0x1000  <Block tail>
                            - 0x20001c40  0x1c40


*******************************************************************************
*** INIT TABLE
***

          Address     Size
          -------     ----
Zero (__iar_zero_init3)
    1 destination range, total size 0xa69:
          0x200001d4  0xa69

Copy (__iar_copy_init3)
    1 source range, total size 0x1d4 (100% of destination):
          0x0800345c  0x1d4
    1 destination range, total size 0x1d1:
          0x20000000  0x1d1



*******************************************************************************
*** MODULE SUMMARY
***

    Module                  ro code  ro data  rw data
    ------                  -------  -------  -------
D:\My Work\医疗挂板\WIFI程序\WiFi连接服务器数据传输\WiFi\Debug\Obj: [1]
    24cxx.o                     258
    ESP8266.o                 4 372      348    1 195
    IIC.o                       532
    check.o                      68
    cmd.o                       532                32
    delay.o                     160                 3
    handle.o                  1 748      189      316
    key.o                       668
    led.o                       100
    main.o                       20
    misc.o                      160
    startup_stm32f10x_hd.o      596
    stm32f10x_gpio.o            226
    stm32f10x_it.o               16
    stm32f10x_rcc.o             280       20       20
    stm32f10x_tim.o             288
    stm32f10x_usart.o           356
    system_stm32f10x.o          344
    tim.o                       556                 4
    usart.o                   1 296             1 560
    -------------------------------------------------
    Total:                   12 576      557    3 130

command line: [2]
    -------------------------------------------------
    Total:

dl7M_tlf.a: [3]
    exit.o                        4
    low_level_init.o              4
    strcat.o                     28
    -------------------------------------------------
    Total:                       36

rt7M_tl.a: [4]
    ABImemclr4.o                  6
    ABImemcpy_unaligned.o       118
    ABImemset.o                 102
    ABImemset48.o                50
    cexit.o                      10
    cmain.o                      26
    copy_init3.o                 44
    cstartup_M.o                 12
    data_init.o                  40
    memcmp_unaligned.o           98
    strlen.o                     54
    zero_init3.o                 64
    -------------------------------------------------
    Total:                      624

shb_l.a: [5]
    exit.o                       20
    -------------------------------------------------
    Total:                       20

    Gaps                         20
    Linker created                        39    4 096
-----------------------------------------------------
    Grand Total:             13 276      596    7 226


*******************************************************************************
*** ENTRY LIST
***

Entry                      Address   Size  Type      Object
-----                      -------   ----  ----      ------
.iar.init_table$$Base   0x08003244          --   Gb  - Linker created -
.iar.init_table$$Limit  0x08003268          --   Gb  - Linker created -
?main                   0x08003269         Code  Gb  cmain.o [4]
ADCPrescTable           0x200001cc    0x4  Data  Lc  stm32f10x_rcc.o [1]
AHMeasureState          0x20000c31    0x1  Data  Gb  handle.o [1]
AHSendData              0x08000a5d   0x12  Code  Gb  ESP8266.o [1]
AHStartCMD              0x2000016c    0x8  Data  Gb  handle.o [1]
APBAHBPrescTable        0x2000010c   0x10  Data  Lc  stm32f10x_rcc.o [1]
AT24CXX_Init            0x08001931    0x8  Code  Gb  24cxx.o [1]
AT24CXX_Read            0x080019ed   0x22  Code  Gb  24cxx.o [1]
AT24CXX_ReadOneByte     0x08001939   0x5e  Code  Gb  24cxx.o [1]
AT24CXX_Write           0x08001a0f   0x24  Code  Gb  24cxx.o [1]
AT24CXX_WriteOneByte    0x08001997   0x56  Code  Gb  24cxx.o [1]
AT_AT                   0x20000134    0x8  Data  Gb  ESP8266.o [1]
AT_ATE0                 0x2000013c    0x8  Data  Gb  ESP8266.o [1]
AT_CIPMUX               0x200000bc   0x10  Data  Gb  ESP8266.o [1]
AT_CIPSEND              0x20000084   0x14  Data  Gb  ESP8266.o [1]
AT_CIPSERVER            0x20000068   0x1c  Data  Gb  ESP8266.o [1]
AT_CIPSTA               0x20000098   0x14  Data  Gb  ESP8266.o [1]
AT_CIPSTART             0x20000034   0x34  Data  Gb  ESP8266.o [1]
AT_CIPSTATUS            0x200000cc   0x10  Data  Gb  ESP8266.o [1]
AT_CWJAP                0x20000000   0x34  Data  Gb  ESP8266.o [1]
AT_CWMODE               0x200000ac   0x10  Data  Gb  ESP8266.o [1]
AT_RST                  0x2000011c    0xc  Data  Gb  ESP8266.o [1]
AllDataReceive          0x0800249f   0x24  Code  Gb  handle.o [1]
AllDataRxTx             0x080027e5    0xc  Code  Gb  handle.o [1]
BOMeasureState          0x20000c2a    0x1  Data  Gb  handle.o [1]
BOMeasureState_Default  0x20000c22    0x1  Data  Gb  handle.o [1]
BOSendData              0x08000a81   0x12  Code  Gb  ESP8266.o [1]
BOStartCMD              0x20000184    0x8  Data  Gb  handle.o [1]
BOStateChange           0x20000c36    0x1  Data  Gb  handle.o [1]
BOStopCMD               0x2000018c    0x8  Data  Gb  handle.o [1]
BO_Operation            0x08002f1f    0x8  Code  Gb  cmd.o [1]
BOandBP_Receive         0x08003007   0x22  Code  Gb  cmd.o [1]
BPMeasureState          0x20000c29    0x1  Data  Gb  handle.o [1]
BPMeasureState_Default  0x20000c21    0x1  Data  Gb  handle.o [1]
BPSendData              0x08000a6f   0x12  Code  Gb  ESP8266.o [1]
BPStartCMD              0x20000174    0x8  Data  Gb  handle.o [1]
BPStateChange           0x20000c35    0x1  Data  Gb  handle.o [1]
BPStopCMD               0x2000017c    0x8  Data  Gb  handle.o [1]
BP_Operation            0x08002f17    0x8  Code  Gb  cmd.o [1]
BreathAndPluse_Receive  0x08003029   0x22  Code  Gb  cmd.o [1]
BreathMeasureState      0x20000c2c    0x1  Data  Gb  handle.o [1]
BreathMeasureState_Default
                        0x20000c24    0x1  Data  Gb  handle.o [1]
BreathSendData          0x08000aa5   0x12  Code  Gb  ESP8266.o [1]
BreathStartCMD          0x200001a4    0x8  Data  Gb  handle.o [1]
BreathStateChange       0x20000c38    0x1  Data  Gb  handle.o [1]
BreathStopCMD           0x200001ac    0x8  Data  Gb  handle.o [1]
Breath_Operation        0x08002f2f    0x8  Code  Gb  cmd.o [1]
BusFault_Handler        0x080032e7    0x2  Code  Gb  stm32f10x_it.o [1]
CMDJoint                0x080001c7   0x9a  Code  Gb  ESP8266.o [1]
CMD_ATEO                0x08000193   0x1a  Code  Gb  ESP8266.o [1]
CMD_ATTEST              0x08000179   0x1a  Code  Gb  ESP8266.o [1]
CMD_CIPMUX              0x08000323   0x3a  Code  Gb  ESP8266.o [1]
CMD_CIPSEND             0x080004c9   0x30  Code  Gb  ESP8266.o [1]
CMD_CIPSERVER           0x080003bf   0x36  Code  Gb  ESP8266.o [1]
CMD_CIPSTA              0x080002df   0x44  Code  Gb  ESP8266.o [1]
CMD_CIPSTART            0x08000671   0x3c  Code  Gb  ESP8266.o [1]
CMD_CIPSTATUS           0x080006ad   0x1a  Code  Gb  ESP8266.o [1]
CMD_CWJAP               0x080002a7   0x38  Code  Gb  ESP8266.o [1]
CMD_CWMODE              0x08000131   0x48  Code  Gb  ESP8266.o [1]
CMD_Count               0x20000c12    0x1  Data  Gb  ESP8266.o [1]
CMD_CountNum            0x20000c0d    0x1  Data  Gb  ESP8266.o [1]
CMD_OtherCount          0x20000c1d    0x1  Data  Gb  ESP8266.o [1]
CMD_RESET               0x080001ad   0x1a  Code  Gb  ESP8266.o [1]
CMD_ReSendCount         0x20000c13    0x1  Data  Gb  ESP8266.o [1]
CMD_ReSendTim           0x20000c0a    0x2  Data  Gb  ESP8266.o [1]
CMD_ReturnOK            0x20000c14    0x1  Data  Gb  ESP8266.o [1]
CMD_ReturnSign          0x20000c15    0x1  Data  Gb  ESP8266.o [1]
CMD_TimCount            0x20000c3a    0x1  Data  Gb  tim.o [1]
CSTACK$$Base            0x20000c40          --   Gb  - Linker created -
CSTACK$$Limit           0x20001c40          --   Gb  - Linker created -
CalMeasureState         0x20000c34    0x1  Data  Gb  handle.o [1]
CalSendData             0x08000ac9   0x12  Code  Gb  ESP8266.o [1]
CalStartCMD             0x200001bc    0x8  Data  Gb  handle.o [1]
CheckChannelFromIP      0x0800057b   0x46  Code  Gb  ESP8266.o [1]
ClientOperation         0x080007a3   0x42  Code  Gb  ESP8266.o [1]
ClientRxTxData          0x0800079b    0x8  Code  Gb  ESP8266.o [1]
CommandOperation        0x08002fe7   0x20  Code  Gb  cmd.o [1]
CommunicateWithServer   0x0800248f   0x10  Code  Gb  handle.o [1]
ContrastData            0x08000899   0x72  Code  Gb  ESP8266.o [1]
D4_off                  0x08002a6d    0xc  Code  Gb  led.o [1]
D5_off                  0x08002a79    0xc  Code  Gb  led.o [1]
DataSend                0x080004f9   0x28  Code  Gb  ESP8266.o [1]
Data_Operation          0x08002ee9   0x2e  Code  Gb  cmd.o [1]
DebugMon_Handler        0x080032ed    0x2  Code  Gb  stm32f10x_it.o [1]
EquipInit               0x0800245d   0x32  Code  Gb  handle.o [1]
Equip_GPIO_Init         0x08002c2b   0x26  Code  Gb  key.o [1]
Esp8266_Receive         0x0800090b   0x14  Code  Gb  ESP8266.o [1]
FrashConnectState       0x08000f6f   0x2c  Code  Gb  ESP8266.o [1]
GPIO_Init               0x08001b55   0xc0  Code  Gb  stm32f10x_gpio.o [1]
GPIO_ReadInputDataBit   0x08001c15   0x16  Code  Gb  stm32f10x_gpio.o [1]
GPIO_ResetBits          0x08001c31    0x6  Code  Gb  stm32f10x_gpio.o [1]
GPIO_SetBits            0x08001c2b    0x6  Code  Gb  stm32f10x_gpio.o [1]
GetDataFromProtocol     0x08002f93   0x54  Code  Gb  cmd.o [1]
GetString               0x08000ead   0x16  Code  Gb  ESP8266.o [1]
GetTxParameter          0x08002ebf   0x2a  Code  Gb  cmd.o [1]
HardFault_Handler       0x080032e3    0x2  Code  Gb  stm32f10x_it.o [1]
HeightAndAH_Receive     0x0800304b   0x22  Code  Gb  cmd.o [1]
HeightMeasureState      0x20000c32    0x1  Data  Gb  handle.o [1]
HeightSendData          0x08000ab7   0x12  Code  Gb  ESP8266.o [1]
HeightStartCMD          0x200001b4    0x8  Data  Gb  handle.o [1]
Height_Operation        0x08002f37    0x8  Code  Gb  cmd.o [1]
IIC_Ack                 0x08001fe1   0x2c  Code  Gb  IIC.o [1]
IIC_Init                0x08001f19   0x2e  Code  Gb  IIC.o [1]
IIC_NAck                0x0800200d   0x2c  Code  Gb  IIC.o [1]
IIC_Read_Byte           0x0800208f   0x50  Code  Gb  IIC.o [1]
IIC_Send_Byte           0x08002039   0x56  Code  Gb  IIC.o [1]
IIC_Start               0x08001f47   0x2c  Code  Gb  IIC.o [1]
IIC_Stop                0x08001f73   0x2c  Code  Gb  IIC.o [1]
IIC_Wait_Ack            0x08001f9f   0x42  Code  Gb  IIC.o [1]
IPJoinCMD               0x08000261   0x46  Code  Gb  ESP8266.o [1]
Initial_UART4           0x080015ab   0x92  Code  Gb  usart.o [1]
Initial_UART5           0x0800163d   0x90  Code  Gb  usart.o [1]
Initial_USART1          0x080013dd   0x96  Code  Gb  usart.o [1]
Initial_USART2          0x08001473   0x9a  Code  Gb  usart.o [1]
Initial_USART3          0x0800150d   0x9e  Code  Gb  usart.o [1]
KeyPushedTimCount       0x20000c3c    0x1  Data  Gb  tim.o [1]
Key_Init                0x08002be1   0x4a  Code  Gb  key.o [1]
LedInit                 0x0800216b    0x8  Code  Gb  handle.o [1]
LocationOfShortString   0x080009b7   0x56  Code  Gb  ESP8266.o [1]
LocationOfSign          0x08000981   0x36  Code  Gb  ESP8266.o [1]
MemManage_Handler       0x080032e5    0x2  Code  Gb  stm32f10x_it.o [1]
ModeSetSTA              0x080006e3   0x76  Code  Gb  ESP8266.o [1]
NCU                     0x20000b04   0x70  Data  Gb  ESP8266.o [1]
NMI_Handler             0x080032e1    0x2  Code  Gb  stm32f10x_it.o [1]
NVIC_Init               0x08001da7   0x5e  Code  Gb  misc.o [1]
NVIC_PriorityGroupConfig
                        0x08001d9d    0xa  Code  Gb  misc.o [1]
Net                     0x20000144    0x8  Data  Gb  ESP8266.o [1]
NetDataAnalysis         0x08000c65   0x62  Code  Gb  ESP8266.o [1]
NetOtherEquipAnalysis   0x08000b11  0x14e  Code  Gb  ESP8266.o [1]
NetThermometerAnalysis  0x08000aed   0x10  Code  Gb  ESP8266.o [1]
NetType                 0x20000c28    0x1  Data  Gb  handle.o [1]
NetType_Default         0x20000c20    0x1  Data  Gb  handle.o [1]
OtherEquipDataDispose   0x08002f3f   0x54  Code  Gb  cmd.o [1]
Other_Operation         0x080027f1    0x8  Code  Gb  handle.o [1]
Parameter_Check         0x08002173  0x266  Code  Gb  handle.o [1]
PendSV_Handler          0x080032ef    0x2  Code  Gb  stm32f10x_it.o [1]
PluseMeasureState       0x20000c2b    0x1  Data  Gb  handle.o [1]
PluseMeasureState_Default
                        0x20000c23    0x1  Data  Gb  handle.o [1]
PluseSendData           0x08000a93   0x12  Code  Gb  ESP8266.o [1]
PluseStartCMD           0x20000194    0x8  Data  Gb  handle.o [1]
PluseStateChange        0x20000c37    0x1  Data  Gb  handle.o [1]
PluseStopCMD            0x2000019c    0x8  Data  Gb  handle.o [1]
Pluse_Operation         0x08002f27    0x8  Code  Gb  cmd.o [1]
PortJoinCMD             0x0800035d   0x62  Code  Gb  ESP8266.o [1]
RCC_APB1PeriphClockCmd  0x08001b17   0x20  Code  Gb  stm32f10x_rcc.o [1]
RCC_APB2PeriphClockCmd  0x08001af7   0x20  Code  Gb  stm32f10x_rcc.o [1]
RCC_GetClocksFreq       0x08001a3d   0xba  Code  Gb  stm32f10x_rcc.o [1]
RNDU                    0x20000900  0x104  Data  Gb  ESP8266.o [1]
Region$$Table$$Base     0x08003244          --   Gb  - Linker created -
Region$$Table$$Limit    0x08003268          --   Gb  - Linker created -
RxTxDataOperation       0x080007e5    0xc  Code  Gb  ESP8266.o [1]
SDA_IN                  0x08001efb   0x1e  Code  Gb  IIC.o [1]
SDA_OUT                 0x08001edd   0x1e  Code  Gb  IIC.o [1]
SVC_Handler             0x080032eb    0x2  Code  Gb  stm32f10x_it.o [1]
ScanKey_Operation       0x08002c51  0x1ec  Code  Gb  key.o [1]
SelfIP_Default          0x200000dc   0x10  Data  Gb  handle.o [1]
SelfPort_Default        0x2000014c    0x8  Data  Gb  handle.o [1]
Self_IP                 0x20000b94   0x10  Data  Gb  handle.o [1]
Self_Port               0x20000bf0    0x8  Data  Gb  handle.o [1]
SendCMDProcess          0x080010d1   0x7a  Code  Gb  ESP8266.o [1]
SendJoinCMD             0x080003f9   0xcc  Code  Gb  ESP8266.o [1]
ServerOperation         0x08000819   0x38  Code  Gb  ESP8266.o [1]
ServerRxTxData          0x080007f1   0x24  Code  Gb  ESP8266.o [1]
SetSysClock             0x08002add    0x8  Code  Lc  system_stm32f10x.o [1]
SetSysClockTo72         0x08002ae5   0xe0  Code  Lc  system_stm32f10x.o [1]
SetUartState            0x080023d9   0x84  Code  Gb  handle.o [1]
StartJoinCmd            0x080005e1   0x90  Code  Gb  ESP8266.o [1]
String2Num              0x08000a0d   0x50  Code  Gb  ESP8266.o [1]
SturctGetData           0x08000ec3   0xac  Code  Gb  ESP8266.o [1]
SysTickInit             0x08002125    0xa  Code  Gb  handle.o [1]
SysTick_CLKSourceConfig
                        0x08001e05   0x20  Code  Gb  misc.o [1]
SystemInit              0x08002a89   0x54  Code  Gb  system_stm32f10x.o [1]
TIM2_IRQHandler         0x08002941   0x98  Code  Gb  tim.o [1]
TIM3_IRQHandler         0x080029d9   0x18  Code  Gb  tim.o [1]
TIM4_IRQHandler         0x080029f1   0x18  Code  Gb  tim.o [1]
TIM_ClearITPendingBit   0x0800317f    0x8  Code  Gb  stm32f10x_tim.o [1]
TIM_Cmd                 0x08003123   0x1c  Code  Gb  stm32f10x_tim.o [1]
TIM_GetITStatus         0x08003157   0x28  Code  Gb  stm32f10x_tim.o [1]
TIM_ITConfig            0x0800313f   0x18  Code  Gb  stm32f10x_tim.o [1]
TIM_TimeBaseInit        0x08003091   0x92  Code  Gb  stm32f10x_tim.o [1]
TNDU                    0x200007ec  0x114  Data  Gb  ESP8266.o [1]
TargetIP_Default        0x200000ec   0x10  Data  Gb  handle.o [1]
TargetIP_Default2       0x200000fc   0x10  Data  Gb  handle.o [1]
TargetPort_Default      0x20000154    0x8  Data  Gb  handle.o [1]
TargetPort_Default2     0x2000015c    0x8  Data  Gb  handle.o [1]
Target_IP               0x20000ba4   0x10  Data  Gb  handle.o [1]
Target_IP2              0x20000bb4   0x10  Data  Gb  handle.o [1]
Target_Port             0x20000bf8    0x8  Data  Gb  handle.o [1]
Target_Port2            0x20000c00    0x8  Data  Gb  handle.o [1]
TheNumOfShortString     0x0800094d   0x34  Code  Gb  ESP8266.o [1]
TheNumOfSign            0x0800091f   0x2e  Code  Gb  ESP8266.o [1]
ThermometerDataDispose  0x08002e7d   0x42  Code  Gb  cmd.o [1]
TimInit                 0x0800212f   0x10  Code  Gb  handle.o [1]
UART2State              0x20000c2d    0x1  Data  Gb  handle.o [1]
UART2State_Default      0x200001d0    0x1  Data  Gb  handle.o [1]
UART3State              0x20000c2e    0x1  Data  Gb  handle.o [1]
UART3State_Default      0x20000c25    0x1  Data  Gb  handle.o [1]
UART4State              0x20000c2f    0x1  Data  Gb  handle.o [1]
UART4State_Default      0x20000c26    0x1  Data  Gb  handle.o [1]
UART4_IRQHandler        0x08001879   0x1a  Code  Gb  usart.o [1]
UART5State              0x20000c30    0x1  Data  Gb  handle.o [1]
UART5State_Default      0x20000c27    0x1  Data  Gb  handle.o [1]
UART5_IRQHandler        0x08001893   0x1a  Code  Gb  usart.o [1]
UARTDataSend            0x080024cd  0x232  Code  Gb  handle.o [1]
UART_NVIC_Configuration
                        0x08001701   0xb0  Code  Gb  usart.o [1]
USART1_IRQHandler       0x0800182b   0x1a  Code  Gb  usart.o [1]
USART2_IRQHandler       0x08001845   0x1a  Code  Gb  usart.o [1]
USART3_IRQHandler       0x0800185f   0x1a  Code  Gb  usart.o [1]
USART_ClearFlag         0x08001d91    0xc  Code  Gb  stm32f10x_usart.o [1]
USART_Cmd               0x08001cf9   0x1c  Code  Gb  stm32f10x_usart.o [1]
USART_ComPro            0x20000b74   0x10  Data  Gb  cmd.o [1]
USART_GetFlagStatus     0x08001d77   0x1a  Code  Gb  stm32f10x_usart.o [1]
USART_ITConfig          0x08001d15   0x52  Code  Gb  stm32f10x_usart.o [1]
USART_Init              0x08001c39   0xba  Code  Gb  stm32f10x_usart.o [1]
USART_ReceiveData       0x08001d6f    0x8  Code  Gb  stm32f10x_usart.o [1]
USART_SendData          0x08001d67    0x8  Code  Gb  stm32f10x_usart.o [1]
USART_Ther              0x20000b84   0x10  Data  Gb  cmd.o [1]
USART_TimCount          0x20000c39    0x1  Data  Gb  tim.o [1]
USART_Unit              0x200001d4  0x618  Data  Gb  usart.o [1]
USART_Unit_IRQ_ReceiveData
                        0x080017ff   0x2c  Code  Gb  usart.o [1]
USART_Unit_ReceiveData  0x080016cd   0x34  Code  Gb  usart.o [1]
UpdateConnectState      0x08000f9b   0x66  Code  Gb  ESP8266.o [1]
UsageFault_Handler      0x080032e9    0x2  Code  Gb  stm32f10x_it.o [1]
Usart2_DataProcessing   0x0800100d   0xb6  Code  Gb  ESP8266.o [1]
UsartInit               0x0800213f   0x2c  Code  Gb  handle.o [1]
Usart_SendByte          0x080017b1   0x1c  Code  Gb  usart.o [1]
Usart_SendNumString     0x080017cd   0x32  Code  Gb  usart.o [1]
WIFIChildMode           0x08000851   0x42  Code  Gb  ESP8266.o [1]
WIFIMode                0x08000759   0x42  Code  Gb  ESP8266.o [1]
WeightMeasureState      0x20000c33    0x1  Data  Gb  handle.o [1]
WeightSendData          0x08000adb   0x12  Code  Gb  ESP8266.o [1]
WeightStartCMD          0x200001c4    0x8  Data  Gb  handle.o [1]
WiFiModeAbnormal        0x20000c1f    0x1  Data  Gb  handle.o [1]
WifiCCCNum              0x20000c1c    0x1  Data  Gb  ESP8266.o [1]
WifiChildClientNum      0x20000c0f    0x1  Data  Gb  ESP8266.o [1]
WifiChildServerNum      0x20000c10    0x1  Data  Gb  ESP8266.o [1]
WifiClientModeFinishFlag
                        0x20000c1a    0x1  Data  Gb  ESP8266.o [1]
WifiModeSetDown         0x20000c1e    0x1  Data  Gb  handle.o [1]
WifiName_Default        0x20000164    0x8  Data  Gb  handle.o [1]
WifiPwd_Default         0x20000128    0xc  Data  Gb  handle.o [1]
WifiReDataFlag          0x20000c16    0x1  Data  Gb  ESP8266.o [1]
WifiReNetChannel        0x20000be0    0x8  Data  Gb  ESP8266.o [1]
WifiReNetData           0x20000a04  0x100  Data  Gb  ESP8266.o [1]
WifiReNetDataLength     0x20000be8    0x8  Data  Gb  ESP8266.o [1]
WifiReceiveNetData      0x08000ce5  0x190  Code  Gb  ESP8266.o [1]
WifiSend                0x08000521   0x5a  Code  Gb  ESP8266.o [1]
WifiSendCmd             0x080006c7   0x1c  Code  Gb  ESP8266.o [1]
WifiSendDataFinish      0x20000c11    0x1  Data  Gb  ESP8266.o [1]
WifiSendDataFromIP      0x080005c1   0x16  Code  Gb  ESP8266.o [1]
WifiSendDataNum         0x20000c0e    0x1  Data  Gb  ESP8266.o [1]
WifiSendDataTimCount    0x20000c3b    0x1  Data  Gb  tim.o [1]
WifiSendNetData         0x08000e79   0x18  Code  Gb  ESP8266.o [1]
WifiServerModeFinishFlag
                        0x20000c1b    0x1  Data  Gb  ESP8266.o [1]
WifiTxDataFlag          0x20000c17    0x1  Data  Gb  ESP8266.o [1]
WifiUartReLeng          0x20000c18    0x1  Data  Gb  ESP8266.o [1]
WifiUartSignLoc         0x20000c19    0x1  Data  Gb  ESP8266.o [1]
Wifi_Name               0x20000bc4   0x10  Data  Gb  handle.o [1]
Wifi_Operation          0x08001235   0x10  Code  Gb  ESP8266.o [1]
Wifi_Pwd                0x20000bd4    0xc  Data  Gb  handle.o [1]
__aeabi_memclr4         0x08001a35         Code  Gb  ABImemclr4.o [4]
__aeabi_memset          0x0800133d         Code  Gb  ABImemset.o [4]
__cmain                 0x08003269         Code  Gb  cmain.o [4]
__exit                  0x080032ad   0x14  Code  Gb  exit.o [5]
__iar_Memset            0x0800133d         Code  Gb  ABImemset.o [4]
__iar_Memset4_word      0x080020f1         Code  Gb  ABImemset48.o [4]
__iar_Memset8_word      0x080020f1         Code  Gb  ABImemset48.o [4]
__iar_Memset_word       0x08001345         Code  Gb  ABImemset.o [4]
__iar_copy_init3        0x080031f1   0x2c  Code  Gb  copy_init3.o [4]
__iar_data_init3        0x0800321d   0x28  Code  Gb  data_init.o [4]
__iar_program_start     0x08003309         Code  Gb  cstartup_M.o [4]
__iar_unaligned___aeabi_memcpy
                        0x08001245         Code  Gb  ABImemcpy_unaligned.o [4]
__iar_unaligned___aeabi_memcpy4
                        0x08001265         Code  Gb  ABImemcpy_unaligned.o [4]
__iar_unaligned___aeabi_memcpy8
                        0x08001265         Code  Gb  ABImemcpy_unaligned.o [4]
__iar_unaligned_memcmp  0x080012d9         Code  Gb  memcmp_unaligned.o [4]
__iar_zero_init3        0x080031b1   0x40  Code  Gb  zero_init3.o [4]
__low_level_init        0x08003283    0x4  Code  Gb  low_level_init.o [3]
__vector_table          0x08000000         Data  Gb  startup_stm32f10x_hd.o [1]
_call_main              0x08003275         Code  Gb  cmain.o [4]
_exit                   0x080032a1         Code  Gb  cexit.o [4]
_main                   0x0800327f         Code  Gb  cmain.o [4]
checksum                0x080018ed   0x1e  Code  Gb  check.o [1]
checksum2               0x0800190b   0x26  Code  Gb  check.o [1]
delay_init              0x08001e3d   0x28  Code  Gb  delay.o [1]
delay_ms                0x08001e65   0x32  Code  Gb  delay.o [1]
delay_us                0x08001e97   0x30  Code  Gb  delay.o [1]
exit                    0x0800329b    0x4  Code  Gb  exit.o [3]
fac_ms                  0x20000c08    0x2  Data  Lc  delay.o [1]
fac_us                  0x20000c0c    0x1  Data  Lc  delay.o [1]
leds_init               0x08002a25   0x48  Code  Gb  led.o [1]
main                    0x08003287   0x14  Code  Gb  main.o [1]
strcat                  0x080012bb   0x1c  Code  Gb  strcat.o [3]
strlen                  0x080013a5         Code  Gb  strlen.o [4]
time2_init              0x080027f9   0x70  Code  Gb  tim.o [1]
time3_init              0x08002869   0x6c  Code  Gb  tim.o [1]
time4_init              0x080028d5   0x6c  Code  Gb  tim.o [1]


[1] = D:\My Work\医疗挂板\WIFI程序\WiFi连接服务器数据传输\WiFi\Debug\Obj
[2] = command line
[3] = dl7M_tlf.a
[4] = rt7M_tl.a
[5] = shb_l.a

  13 276 bytes of readonly  code memory
     596 bytes of readonly  data memory
   7 226 bytes of readwrite data memory

Errors: none
Warnings: none
